gcc -g p4original.c
îº§ gdb a.out
GNU gdb (Ubuntu 8.1.1-0ubuntu1) 8.1.1
Copyright (C) 2018 Free Software Foundation, Inc.
License GPLv3+: GNU GPL version 3 or later <http://gnu.org/licenses/gpl.html>
This is free software: you are free to change and redistribute it.
There is NO WARRANTY, to the extent permitted by law.  Type "show copying"
and "show warranty" for details.
This GDB was configured as "x86_64-linux-gnu".
Type "show configuration" for configuration details.
For bug reporting instructions, please see:
<http://www.gnu.org/software/gdb/bugs/>.
Find the GDB manual and other documentation resources online at:
<http://www.gnu.org/software/gdb/documentation/>.
For help, type "help".
Type "apropos word" to search for commands related to "word"...
Reading symbols from a.out...done.
(gdb) b main
Breakpoint 1 at 0x8ae: file p4original.c, line 37.
(gdb) r
Starting program: /home/runner/ppa-IA2-practice2-1/a.out 
warning: Error disabling address space randomization: Operation not permitted

Breakpoint 1, main () at p4original.c:37
37  {
(gdb) n
39    n=input_array_size();
(gdb) n
How many numbers do you want to enter:- 5  
40    int a[n];
(gdb) n
41    input_array(n,a);
(gdb) n
Enter 1th number:- 1
Enter 2th number:- 2
Enter 3th number:- 3
Enter 4th number:- 4
Enter 5th number:- 5
42    result=sum_composite(n,a);
(gdb) n
43    output(result);
(gdb) n
44    return 0;
(gdb) n
45  }
(gdb) n
__libc_start_main (main=0x55625ba0089d <main>, argc=1, 
    argv=0x7ffd37323ae8, init=<optimized out>, 
    fini=<optimized out>, rtld_fini=<optimized out>, 
    stack_end=0x7ffd37323ad8) at ../csu/libc-start.c:344
344 ../csu/libc-start.c: No such file or directory.
(gdb) 
